UTC: 2026-09-30T06:32:11.598570+00:00
COMMAND: docker run --rm --cpus=2 --memory=1g -v /Users/abdulrahman/Desktop/thmanyah/docs/evidence:/evidence thmanyah-streaming ffprobe -v error -show_streams -show_format -of json /evidence/local-hevc.ts
EXIT: 0

{
    "streams": [
        {
            "index": 0,
            "codec_name": "hevc",
            "codec_long_name": "H.265 / HEVC (High Efficiency Video Coding)",
            "profile": "Main",
            "codec_type": "video",
            "codec_tag_string": "HEVC",
            "codec_tag": "0x43564548",
            "width": 1920,
            "height": 1080,
            "coded_width": 1920,
            "coded_height": 1088,
            "closed_captions": 0,
            "film_grain": 0,
            "has_b_frames": 2,
            "sample_aspect_ratio": "1:1",
            "display_aspect_ratio": "16:9",
            "pix_fmt": "yuv420p",
            "level": 120,
            "color_range": "tv",
            "chroma_location": "left",
            "refs": 1,
            "view_ids_available": "",
            "view_pos_available": "",
            "ts_id": "1",
            "ts_packetsize": "188",
            "id": "0x100",
            "r_frame_rate": "25/1",
            "avg_frame_rate": "25/1",
            "time_base": "1/90000",
            "start_pts": 133200,
            "start_time": "1.480000",
            "duration_ts": 900000,
            "duration": "10.000000",
            "extradata_size": 96,
            "disposition": {
                "default": 0,
                "dub": 0,
                "original": 0,
                "comment": 0,
                "lyrics": 0,
                "karaoke": 0,
                "forced": 0,
                "hearing_impaired": 0,
                "visual_impaired": 0,
                "clean_effects": 0,
                "attached_pic": 0,
                "timed_thumbnails": 0,
                "non_diegetic": 0,
                "captions": 0,
                "descriptions": 0,
                "metadata": 0,
                "dependent": 0,
                "still_image": 0,
                "multilayer": 0
            }
        },
        {
            "index": 1,
            "codec_name": "aac",
            "codec_long_name": "AAC (Advanced Audio Coding)",
            "profile": "LC",
            "codec_type": "audio",
            "codec_tag_string": "[15][0][0][0]",
            "codec_tag": "0x000f",
            "sample_fmt": "fltp",
            "sample_rate": "48000",
            "channels": 2,
            "channel_layout": "stereo",
            "bits_per_sample": 0,
            "initial_padding": 0,
            "ts_id": "1",
            "ts_packetsize": "188",
            "id": "0x101",
            "r_frame_rate": "0/0",
            "avg_frame_rate": "0/0",
            "time_base": "1/90000",
            "start_pts": 131280,
            "start_time": "1.458667",
            "duration_ts": 894720,
            "duration": "9.941333",
            "bit_rate": "194305",
            "disposition": {
                "default": 0,
                "dub": 0,
                "original": 0,
                "comment": 0,
                "lyrics": 0,
                "karaoke": 0,
                "forced": 0,
                "hearing_impaired": 0,
                "visual_impaired": 0,
                "clean_effects": 0,
                "attached_pic": 0,
                "timed_thumbnails": 0,
                "non_diegetic": 0,
                "captions": 0,
                "descriptions": 0,
                "metadata": 0,
                "dependent": 0,
                "still_image": 0,
                "multilayer": 0
            }
        }
    ],
    "format": {
        "filename": "/evidence/local-hevc.ts",
        "nb_streams": 2,
        "nb_programs": 1,
        "nb_stream_groups": 0,
        "format_name": "mpegts",
        "format_long_name": "MPEG-TS (MPEG-2 Transport Stream)",
        "start_time": "1.458667",
        "duration": "10.021333",
        "size": "15688600",
        "bit_rate": "12524162",
        "probe_score": 50
    }
}
